Вывод некорректен, начиная с формулы номер 24
Неизвестная ошибка. Не получилось доказать : "((0=0)&(@a((a=b)->((a)'=(b)'))))->(0=(0)')"
