Вывод некорректен, начиная с формулы номер 1
Неизвестная ошибка. Не получилось доказать : "((((((P)->(Q)))&(((Q)->(P)))))|(((((P)->(R)))&(((R)->(P))))))"
