Вывод некорректен, начиная с формулы номер 93
переменная "x" входит свободно в формулу : "((Q(x))&((0=0)->((0=0)->(0=0))))->(@x(Q(x)))"
