Вывод некорректен, начиная с формулы номер 1
Неизвестная ошибка. Не получилось доказать : "a*(x*y)'=a"
