Вывод некорректен, начиная с формулы номер 13
Неизвестная ошибка. Не получилось доказать : "((0=0)->((0=0)->(0=0)))->(@b(b=a))"
