((((P(x))&(G(x))))->(((((P(x))&(G(x))))->(((P(x))&(G(x)))))))
((((((P(x))&(G(x))))->(((((P(x))&(G(x))))->(((P(x))&(G(x))))))))->(((?x((!(P(x)))))->(((((P(x))&(G(x))))->(((((P(x))&(G(x))))->(((P(x))&(G(x)))))))))))
((?x((!(P(x)))))->(((((P(x))&(G(x))))->(((((P(x))&(G(x))))->(((P(x))&(G(x)))))))))
