Вывод некорректен, начиная с формулы номер 2
Неизвестная ошибка. Не получилось доказать : "((@x(P(x)))->(P(x)))->((!(P(x)))->(!(@x(P(x)))))"
