Вывод некорректен, начиная с формулы номер 1
используется схема аксиом с квантором по переменной "a", входящей свободно в допущение "((Q(a))->(?a(Q(a))))"
